<div class="definition-list"><div class="dl-head">Traitement</div><div class="dl-body"><div class="dl-term">Test</div><div class="dl-def">Test</div></div></div>