<div class="definition-list"><div class="dl-head">Traitement</div><div class="dl-body"><div class="dl-term">Créé le</div><div class="dl-def">03/02/2001 à 04h05</div></div></div>