<div class="col-lg-6 col-md-6 col-sm-12 col-xs-12"><div class="definition-list"><div class="dl-head">Traitement</div><div class="dl-body"><div class="dl-term">DurÃ©e</div><div class="dl-def">-</div></div></div></div>