<div class="definition-list"><div class="dl-head">Traitement</div><div class="dl-body"></div></div>