<div class="definition-list"><div class="dl-head">Traitement</div><div class="dl-body"><div class="dl-term">Destinataire(s) des notifications</div><div class="dl-def">Aucune notification</div></div></div>