<div class="container-fluid"><div class="row"><div class="col-lg-8 col-md-8 col-sm-12 col-xs-12"><div class="page-title"></div></div></div></div>