<div class="container-fluid"><div class="row">
<div class="col-lg-8 col-md-8 col-sm-12 col-xs-12"><div class="page-title"></div></div>
<div class="col-lg-4 col-md-4 col-sm-12 col-xs-12 text-right"><div class="page-action"><a class="btn btn-default" href="/line_referentials/99/lines/new">Ajouter une ligne</a></div></div>
</div></div>