<div class="container-fluid">
<div class="row">
<div class="col-lg-8 col-md-8 col-sm-12 col-xs-12">
<div class="page-icon page-icon-line"><span class="sb sb-line"></span></div>
<div class="page-title">
<h3>Ligne</h3>
<h1>Name</h1>
</div>
</div>
<div class="col-lg-4 col-md-4 col-sm-12 col-xs-12 text-right"><div class="page-action"><div class="small last-update">Dernière mise à jour le 23/01/2018 <br> Par web service</div></div></div>
</div>
<div class="row mb-sm"><div class="col-lg-12 text-right">
<a class="btn btn-primary" href="/workbenches/99/line_referential/networks/99">Voir le réseau</a><a class="btn btn-primary" href="/workbenches/99/line_referential/companies/99">Voir le transporteur principal</a><a class="btn btn-primary" href="/workbenches/99/line_referential/lines/99/line_notices">Notes de lignes</a><a data-confirm="Etes vous sûr de supprimer cette ligne ?" icon="trash" icon_class="danger" class="btn btn-primary" rel="nofollow" data-method="delete" href="/workbenches/99/line_referential/lines/99"><span class="mr-xs fa fa-trash text-danger"></span>Supprimer cette ligne</a>
</div></div>
</div>